errors 1